package permfix

import (
	"context"

	"github.com/bronystylecrazy/ultrastack/contrib/api"
	"github.com/bronystylecrazy/ultrastack/stack"
)

// The UV0002 typo fix rewrites the literal to the closest granted permission.
func route() {
	_ = stack.Route{Pattern: "GET /s", Require: "speed.read"} // want `did you mean "speed.read"`
}

// The same fix lands on an api.Require route-option literal.
func apiRoute(r *api.Router) {
	api.Get(r, "/s", h, api.Require("speed.read")) // want `did you mean "speed.read"`
}

func h(ctx context.Context, in struct{}) (struct{}, error) { return struct{}{}, nil }
